Archive member included to satisfy reference by file (symbol)

/Applications/STM32CubeIDE.app/Contents/Eclipse/plugins/com.st.stm32cube.ide.mcu.externaltools.gnu-tools-for-stm32.11.3.rel1.macos64_1.1.100.202310310803/tools/bin/../lib/gcc/arm-none-eabi/11.3.1/../../../../arm-none-eabi/lib/thumb/v7e-m+fp/hard/libc_nano.a(libc_a-exit.o)
                              /Applications/STM32CubeIDE.app/Contents/Eclipse/plugins/com.st.stm32cube.ide.mcu.externaltools.gnu-tools-for-stm32.11.3.rel1.macos64_1.1.100.202310310803/tools/bin/../lib/gcc/arm-none-eabi/11.3.1/../../../../arm-none-eabi/lib/thumb/v7e-m+fp/hard/crt0.o (exit)
/Applications/STM32CubeIDE.app/Contents/Eclipse/plugins/com.st.stm32cube.ide.mcu.externaltools.gnu-tools-for-stm32.11.3.rel1.macos64_1.1.100.202310310803/tools/bin/../lib/gcc/arm-none-eabi/11.3.1/../../../../arm-none-eabi/lib/thumb/v7e-m+fp/hard/libc_nano.a(libc_a-sprintf.o)
                              ./Core/Src/Demos/demo.o (sprintf)
/Applications/STM32CubeIDE.app/Contents/Eclipse/plugins/com.st.stm32cube.ide.mcu.externaltools.gnu-tools-for-stm32.11.3.rel1.macos64_1.1.100.202310310803/tools/bin/../lib/gcc/arm-none-eabi/11.3.1/../../../../arm-none-eabi/lib/thumb/v7e-m+fp/hard/libc_nano.a(libc_a-findfp.o)
                              /Applications/STM32CubeIDE.app/Contents/Eclipse/plugins/com.st.stm32cube.ide.mcu.externaltools.gnu-tools-for-stm32.11.3.rel1.macos64_1.1.100.202310310803/tools/bin/../lib/gcc/arm-none-eabi/11.3.1/../../../../arm-none-eabi/lib/thumb/v7e-m+fp/hard/libc_nano.a(libc_a-exit.o) (__stdio_exit_handler)
/Applications/STM32CubeIDE.app/Contents/Eclipse/plugins/com.st.stm32cube.ide.mcu.externaltools.gnu-tools-for-stm32.11.3.rel1.macos64_1.1.100.202310310803/tools/bin/../lib/gcc/arm-none-eabi/11.3.1/../../../../arm-none-eabi/lib/thumb/v7e-m+fp/hard/libc_nano.a(libc_a-fwalk.o)
                              /Applications/STM32CubeIDE.app/Contents/Eclipse/plugins/com.st.stm32cube.ide.mcu.externaltools.gnu-tools-for-stm32.11.3.rel1.macos64_1.1.100.202310310803/tools/bin/../lib/gcc/arm-none-eabi/11.3.1/../../../../arm-none-eabi/lib/thumb/v7e-m+fp/hard/libc_nano.a(libc_a-findfp.o) (_fwalk_sglue)
/Applications/STM32CubeIDE.app/Contents/Eclipse/plugins/com.st.stm32cube.ide.mcu.externaltools.gnu-tools-for-stm32.11.3.rel1.macos64_1.1.100.202310310803/tools/bin/../lib/gcc/arm-none-eabi/11.3.1/../../../../arm-none-eabi/lib/thumb/v7e-m+fp/hard/libc_nano.a(libc_a-vsprintf.o)
                              ./Core/Src/Homework/printf.o (vsprintf)
/Applications/STM32CubeIDE.app/Contents/Eclipse/plugins/com.st.stm32cube.ide.mcu.externaltools.gnu-tools-for-stm32.11.3.rel1.macos64_1.1.100.202310310803/tools/bin/../lib/gcc/arm-none-eabi/11.3.1/../../../../arm-none-eabi/lib/thumb/v7e-m+fp/hard/libc_nano.a(libc_a-scanf.o)
                              ./Core/Src/Activities/hello_world.o (scanf)
/Applications/STM32CubeIDE.app/Contents/Eclipse/plugins/com.st.stm32cube.ide.mcu.externaltools.gnu-tools-for-stm32.11.3.rel1.macos64_1.1.100.202310310803/tools/bin/../lib/gcc/arm-none-eabi/11.3.1/../../../../arm-none-eabi/lib/thumb/v7e-m+fp/hard/libc_nano.a(libc_a-memset.o)
                              /Applications/STM32CubeIDE.app/Contents/Eclipse/plugins/com.st.stm32cube.ide.mcu.externaltools.gnu-tools-for-stm32.11.3.rel1.macos64_1.1.100.202310310803/tools/bin/../lib/gcc/arm-none-eabi/11.3.1/../../../../arm-none-eabi/lib/thumb/v7e-m+fp/hard/crt0.o (memset)
/Applications/STM32CubeIDE.app/Contents/Eclipse/plugins/com.st.stm32cube.ide.mcu.externaltools.gnu-tools-for-stm32.11.3.rel1.macos64_1.1.100.202310310803/tools/bin/../lib/gcc/arm-none-eabi/11.3.1/../../../../arm-none-eabi/lib/thumb/v7e-m+fp/hard/libc_nano.a(libc_a-impure.o)
                              /Applications/STM32CubeIDE.app/Contents/Eclipse/plugins/com.st.stm32cube.ide.mcu.externaltools.gnu-tools-for-stm32.11.3.rel1.macos64_1.1.100.202310310803/tools/bin/../lib/gcc/arm-none-eabi/11.3.1/../../../../arm-none-eabi/lib/thumb/v7e-m+fp/hard/libc_nano.a(libc_a-sprintf.o) (_impure_ptr)
/Applications/STM32CubeIDE.app/Contents/Eclipse/plugins/com.st.stm32cube.ide.mcu.externaltools.gnu-tools-for-stm32.11.3.rel1.macos64_1.1.100.202310310803/tools/bin/../lib/gcc/arm-none-eabi/11.3.1/../../../../arm-none-eabi/lib/thumb/v7e-m+fp/hard/libc_nano.a(libc_a-errno.o)
                              ./Core/Src/System/syscalls.o (__errno)
/Applications/STM32CubeIDE.app/Contents/Eclipse/plugins/com.st.stm32cube.ide.mcu.externaltools.gnu-tools-for-stm32.11.3.rel1.macos64_1.1.100.202310310803/tools/bin/../lib/gcc/arm-none-eabi/11.3.1/../../../../arm-none-eabi/lib/thumb/v7e-m+fp/hard/libc_nano.a(libc_a-init.o)
                              /Applications/STM32CubeIDE.app/Contents/Eclipse/plugins/com.st.stm32cube.ide.mcu.externaltools.gnu-tools-for-stm32.11.3.rel1.macos64_1.1.100.202310310803/tools/bin/../lib/gcc/arm-none-eabi/11.3.1/../../../../arm-none-eabi/lib/thumb/v7e-m+fp/hard/crt0.o (__libc_init_array)
[...]
Memory Configuration

Name             Origin             Length             Attributes
RAM              0x0000000020000000 0x0000000000018000 xrw
RAM2             0x0000000010000000 0x0000000000008000 xrw
FLASH            0x0000000008000000 0x0000000000100000 xr
*default*        0x0000000000000000 0xffffffffffffffff

Linker script and memory map

LOAD /Applications/STM32CubeIDE.app/Contents/Eclipse/plugins/com.st.stm32cube.ide.mcu.externaltools.gnu-tools-for-stm32.11.3.rel1.macos64_1.1.100.202310310803/tools/bin/../lib/gcc/arm-none-eabi/11.3.1/thumb/v7e-m+fp/hard/crti.o
LOAD /Applications/STM32CubeIDE.app/Contents/Eclipse/plugins/com.st.stm32cube.ide.mcu.externaltools.gnu-tools-for-stm32.11.3.rel1.macos64_1.1.100.202310310803/tools/bin/../lib/gcc/arm-none-eabi/11.3.1/thumb/v7e-m+fp/hard/crtbegin.o
LOAD /Applications/STM32CubeIDE.app/Contents/Eclipse/plugins/com.st.stm32cube.ide.mcu.externaltools.gnu-tools-for-stm32.11.3.rel1.macos64_1.1.100.202310310803/tools/bin/../lib/gcc/arm-none-eabi/11.3.1/../../../../arm-none-eabi/lib/thumb/v7e-m+fp/hard/crt0.o
LOAD ./Core/Src/Activities/Activity_8.o
LOAD ./Core/Src/Activities/create_struct.o
LOAD ./Core/Src/Activities/hello_world.o
LOAD ./Core/Src/Activities/timer.o
LOAD ./Core/Src/Demos/adc_dac_demo.o
LOAD ./Core/Src/Demos/demo.o
LOAD ./Core/Src/Devices/GPIO.o
LOAD ./Core/Src/Devices/LED.o
LOAD ./Core/Src/Devices/UART.o
LOAD ./Core/Src/Devices/adc.o
LOAD ./Core/Src/Devices/dac.o
LOAD ./Core/Src/Homework/Systick.o
LOAD ./Core/Src/Homework/bigToLittleEndian.o
LOAD ./Core/Src/Homework/printf.o
LOAD ./Core/Src/Project/project.o
LOAD ./Core/Src/Project/song.o
LOAD ./Core/Src/Project/tone.o
LOAD ./Core/Src/System/SysClock.o
LOAD ./Core/Src/System/error_handler.o
LOAD ./Core/Src/System/syscalls.o
LOAD ./Core/Src/System/sysmem.o
LOAD ./Core/Src/System/system_stm32l4xx.o
LOAD ./Core/Src/System/systick.o
LOAD ./Core/Src/main.o
LOAD ./Core/Startup/startup_stm32l476rgtx.o
LOAD ./Drivers/STM32L4xx_HAL_Driver/Src/stm32l4xx_hal.o
LOAD ./Drivers/STM32L4xx_HAL_Driver/Src/stm32l4xx_hal_adc.o
LOAD ./Drivers/STM32L4xx_HAL_Driver/Src/stm32l4xx_hal_adc_ex.o
LOAD ./Drivers/STM32L4xx_HAL_Driver/Src/stm32l4xx_hal_cortex.o
LOAD ./Drivers/STM32L4xx_HAL_Driver/Src/stm32l4xx_hal_dac.o
LOAD ./Drivers/STM32L4xx_HAL_Driver/Src/stm32l4xx_hal_dac_ex.o
LOAD ./Drivers/STM32L4xx_HAL_Driver/Src/stm32l4xx_hal_dma.o
LOAD ./Drivers/STM32L4xx_HAL_Driver/Src/stm32l4xx_hal_dma_ex.o
LOAD ./Drivers/STM32L4xx_HAL_Driver/Src/stm32l4xx_hal_exti.o
LOAD ./Drivers/STM32L4xx_HAL_Driver/Src/stm32l4xx_hal_flash.o
LOAD ./Drivers/STM32L4xx_HAL_Driver/Src/stm32l4xx_hal_flash_ex.o
LOAD ./Drivers/STM32L4xx_HAL_Driver/Src/stm32l4xx_hal_flash_ramfunc.o
LOAD ./Drivers/STM32L4xx_HAL_Driver/Src/stm32l4xx_hal_gpio.o
LOAD ./Drivers/STM32L4xx_HAL_Driver/Src/stm32l4xx_hal_i2c.o
LOAD ./Drivers/STM32L4xx_HAL_Driver/Src/stm32l4xx_hal_i2c_ex.o
LOAD ./Drivers/STM32L4xx_HAL_Driver/Src/stm32l4xx_hal_pwr.o
LOAD ./Drivers/STM32L4xx_HAL_Driver/Src/stm32l4xx_hal_pwr_ex.o
LOAD ./Drivers/STM32L4xx_HAL_Driver/Src/stm32l4xx_hal_rcc.o
LOAD ./Drivers/STM32L4xx_HAL_Driver/Src/stm32l4xx_hal_rcc_ex.o
START GROUP
LOAD /Applications/STM32CubeIDE.app/Contents/Eclipse/plugins/com.st.stm32cube.ide.mcu.externaltools.gnu-tools-for-stm32.11.3.rel1.macos64_1.1.100.202310310803/tools/bin/../lib/gcc/arm-none-eabi/11.3.1/../../../../arm-none-eabi/lib/thumb/v7e-m+fp/hard/libc_nano.a
LOAD /Applications/STM32CubeIDE.app/Contents/Eclipse/plugins/com.st.stm32cube.ide.mcu.externaltools.gnu-tools-for-stm32.11.3.rel1.macos64_1.1.100.202310310803/tools/bin/../lib/gcc/arm-none-eabi/11.3.1/../../../../arm-none-eabi/lib/thumb/v7e-m+fp/hard/libm.a
END GROUP
START GROUP
LOAD /Applications/STM32CubeIDE.app/Contents/Eclipse/plugins/com.st.stm32cube.ide.mcu.externaltools.gnu-tools-for-stm32.11.3.rel1.macos64_1.1.100.202310310803/tools/bin/../lib/gcc/arm-none-eabi/11.3.1/thumb/v7e-m+fp/hard/libgcc.a
LOAD /Applications/STM32CubeIDE.app/Contents/Eclipse/plugins/com.st.stm32cube.ide.mcu.externaltools.gnu-tools-for-stm32.11.3.rel1.macos64_1.1.100.202310310803/tools/bin/../lib/gcc/arm-none-eabi/11.3.1/../../../../arm-none-eabi/lib/thumb/v7e-m+fp/hard/libc_nano.a
END GROUP
START GROUP
LOAD /Applications/STM32CubeIDE.app/Contents/Eclipse/plugins/com.st.stm32cube.ide.mcu.externaltools.gnu-tools-for-stm32.11.3.rel1.macos64_1.1.100.202310310803/tools/bin/../lib/gcc/arm-none-eabi/11.3.1/thumb/v7e-m+fp/hard/libgcc.a
LOAD /Applications/STM32CubeIDE.app/Contents/Eclipse/plugins/com.st.stm32cube.ide.mcu.externaltools.gnu-tools-for-stm32.11.3.rel1.macos64_1.1.100.202310310803/tools/bin/../lib/gcc/arm-none-eabi/11.3.1/../../../../arm-none-eabi/lib/thumb/v7e-m+fp/hard/libc_nano.a
LOAD /Applications/STM32CubeIDE.app/Contents/Eclipse/plugins/com.st.stm32cube.ide.mcu.externaltools.gnu-tools-for-stm32.11.3.rel1.macos64_1.1.100.202310310803/tools/bin/../lib/gcc/arm-none-eabi/11.3.1/../../../../arm-none-eabi/lib/thumb/v7e-m+fp/hard/libnosys.a
END GROUP
START GROUP
LOAD /Applications/STM32CubeIDE.app/Contents/Eclipse/plugins/com.st.stm32cube.ide.mcu.externaltools.gnu-tools-for-stm32.11.3.rel1.macos64_1.1.100.202310310803/tools/bin/../lib/gcc/arm-none-eabi/11.3.1/thumb/v7e-m+fp/hard/libgcc.a
LOAD /Applications/STM32CubeIDE.app/Contents/Eclipse/plugins/com.st.stm32cube.ide.mcu.externaltools.gnu-tools-for-stm32.11.3.rel1.macos64_1.1.100.202310310803/tools/bin/../lib/gcc/arm-none-eabi/11.3.1/../../../../arm-none-eabi/lib/thumb/v7e-m+fp/hard/libc_nano.a
LOAD /Applications/STM32CubeIDE.app/Contents/Eclipse/plugins/com.st.stm32cube.ide.mcu.externaltools.gnu-tools-for-stm32.11.3.rel1.macos64_1.1.100.202310310803/tools/bin/../lib/gcc/arm-none-eabi/11.3.1/../../../../arm-none-eabi/lib/thumb/v7e-m+fp/hard/libnosys.a
END GROUP
LOAD /Applications/STM32CubeIDE.app/Contents/Eclipse/plugins/com.st.stm32cube.ide.mcu.externaltools.gnu-tools-for-stm32.11.3.rel1.macos64_1.1.100.202310310803/tools/bin/../lib/gcc/arm-none-eabi/11.3.1/thumb/v7e-m+fp/hard/crtend.o
LOAD /Applications/STM32CubeIDE.app/Contents/Eclipse/plugins/com.st.stm32cube.ide.mcu.externaltools.gnu-tools-for-stm32.11.3.rel1.macos64_1.1.100.202310310803/tools/bin/../lib/gcc/arm-none-eabi/11.3.1/thumb/v7e-m+fp/hard/crtn.o
                0x0000000020018000                _estack = (ORIGIN (RAM) + LENGTH (RAM))
                0x0000000000000200                _Min_Heap_Size = 0x200
                0x0000000000000400                _Min_Stack_Size = 0x400

.isr_vector     0x0000000008000000      0x188
                0x0000000008000000                . = ALIGN (0x4)
 *(.isr_vector)
 .isr_vector    0x0000000008000000      0x188 ./Core/Startup/startup_stm32l476rgtx.o
                0x0000000008000000                g_pfnVectors
                0x0000000008000188                . = ALIGN (0x4)

.text           0x0000000008000190     0x1208
                0x0000000008000190                . = ALIGN (0x4)
 *(.text)
 .text          0x0000000008000190       0x40 /Applications/STM32CubeIDE.app/Contents/Eclipse/plugins/com.st.stm32cube.ide.mcu.externaltools.gnu-tools-for-stm32.11.3.rel1.macos64_1.1.100.202310310803/tools/bin/../lib/gcc/arm-none-eabi/11.3.1/thumb/v7e-m+fp/hard/crtbegin.o
 .text          0x00000000080001d0       0xa0 /Applications/STM32CubeIDE.app/Contents/Eclipse/plugins/com.st.stm32cube.ide.mcu.externaltools.gnu-tools-for-stm32.11.3.rel1.macos64_1.1.100.202310310803/tools/bin/../lib/gcc/arm-none-eabi/11.3.1/../../../../arm-none-eabi/lib/thumb/v7e-m+fp/hard/libc_nano.a(libc_a-memchr.o)
                0x00000000080001d0                memchr
 *(.text*)
 .text.read_and_echo_byte
                0x0000000008000270       0x34 ./Core/Src/Activities/Activity_8.o
                0x0000000008000270                read_and_echo_byte
 .text.readline
                0x00000000080002a4       0x50 ./Core/Src/Activities/Activity_8.o
                0x00000000080002a4                readline
 .text.readlines
                0x00000000080002f4       0x12 ./Core/Src/Activities/Activity_8.o
                0x00000000080002f4                readlines
 *fill*         0x0000000008000306        0x2 
 .text.LED_Init
                0x0000000008000308       0xbc ./Core/Src/Devices/LED.o
                0x0000000008000308                LED_Init
 .text.UART2_Init
                0x00000000080003c4       0x48 ./Core/Src/Devices/UART.o
                0x00000000080003c4                UART2_Init
 .text.UART2_GPIO_Init
                0x000000000800040c       0x90 ./Core/Src/Devices/UART.o
                0x000000000800040c                UART2_GPIO_Init
 .text.USART_Init
                0x000000000800049c      0x10c ./Core/Src/Devices/UART.o
                0x000000000800049c                USART_Init
 .text.USART_Read
                0x00000000080005a8       0x2a ./Core/Src/Devices/UART.o
                0x00000000080005a8                USART_Read
 .text.USART_Write
                0x00000000080005d2       0x66 ./Core/Src/Devices/UART.o
                0x00000000080005d2                USART_Write
 .text.USART_Delay
                0x0000000008000638       0x40 ./Core/Src/Devices/UART.o
                0x0000000008000638                USART_Delay
 .text.init_systick
                0x0000000008000678       0x54 ./Core/Src/Homework/Systick.o
                0x0000000008000678                init_systick
 .text.puts     0x00000000080006cc       0x38 ./Core/Src/Homework/printf.o
                0x00000000080006cc                puts
 .text.putchar  0x0000000008000704       0x24 ./Core/Src/Homework/printf.o
                0x0000000008000704                putchar
 .text.run_project
                0x0000000008000728       0x16 ./Core/Src/Project/project.o
                0x0000000008000728                run_project
 *fill*         0x000000000800073e        0x2 
 .text.System_Clock_Init
                0x0000000008000740      0x1bc ./Core/Src/System/SysClock.o
                0x0000000008000740                System_Clock_Init
 .text._sbrk    0x00000000080008fc       0x6c ./Core/Src/System/sysmem.o
                0x00000000080008fc                _sbrk
 .text.SystemInit
                0x0000000008000968       0x6c ./Core/Src/System/system_stm32l4xx.o
                0x0000000008000968                SystemInit
 .text.main     0x00000000080009d4       0x20 ./Core/Src/main.o
                0x00000000080009d4                main
 .text.Reset_Handler
                0x00000000080009f4       0x50 ./Core/Startup/startup_stm32l476rgtx.o
                0x00000000080009f4                Reset_Handler
 .text.Default_Handler
                0x0000000008000a44        0x2 ./Core/Startup/startup_stm32l476rgtx.o
                0x0000000008000a44                TIM1_BRK_TIM15_IRQHandler
                0x0000000008000a44                EXTI2_IRQHandler
                0x0000000008000a44                TIM8_TRG_COM_IRQHandler
                0x0000000008000a44                TIM8_CC_IRQHandler
                0x0000000008000a44                DebugMon_Handler
                0x0000000008000a44                TIM1_CC_IRQHandler
                0x0000000008000a44                TSC_IRQHandler
                0x0000000008000a44                HardFault_Handler
                0x0000000008000a44                SysTick_Handler
                0x0000000008000a44                TAMP_STAMP_IRQHandler
                0x0000000008000a44                PendSV_Handler
                0x0000000008000a44                NMI_Handler
                0x0000000008000a44                EXTI3_IRQHandler
                0x0000000008000a44                LPTIM2_IRQHandler
                0x0000000008000a44                DFSDM1_FLT1_IRQHandler
                0x0000000008000a44                I2C3_ER_IRQHandler
                0x0000000008000a44                DFSDM1_FLT2_IRQHandler
                0x0000000008000a44                EXTI0_IRQHandler
                0x0000000008000a44                I2C2_EV_IRQHandler
                0x0000000008000a44                CAN1_RX0_IRQHandler
                0x0000000008000a44                FPU_IRQHandler
                0x0000000008000a44                TIM1_UP_TIM16_IRQHandler
                0x0000000008000a44                UsageFault_Handler
                0x0000000008000a44                ADC1_2_IRQHandler
                0x0000000008000a44                SPI1_IRQHandler
                0x0000000008000a44                TIM6_DAC_IRQHandler
                0x0000000008000a44                TIM8_UP_IRQHandler
                0x0000000008000a44                DMA2_Channel2_IRQHandler
                0x0000000008000a44                DMA1_Channel4_IRQHandler
                0x0000000008000a44                SAI2_IRQHandler
                0x0000000008000a44                DFSDM1_FLT3_IRQHandler
                0x0000000008000a44                USART3_IRQHandler
                0x0000000008000a44                DMA1_Channel7_IRQHandler
                0x0000000008000a44                CAN1_RX1_IRQHandler
                0x0000000008000a44                LCD_IRQHandler
                0x0000000008000a44                UART5_IRQHandler
                0x0000000008000a44                ADC3_IRQHandler
                0x0000000008000a44                TIM4_IRQHandler
                0x0000000008000a44                DMA2_Channel1_IRQHandler
                0x0000000008000a44                QUADSPI_IRQHandler
                0x0000000008000a44                I2C1_EV_IRQHandler
                0x0000000008000a44                DMA1_Channel6_IRQHandler
                0x0000000008000a44                UART4_IRQHandler
                0x0000000008000a44                DMA2_Channel4_IRQHandler
                0x0000000008000a44                TIM3_IRQHandler
                0x0000000008000a44                RCC_IRQHandler
                0x0000000008000a44                DMA1_Channel1_IRQHandler
                0x0000000008000a44                Default_Handler
                0x0000000008000a44                DMA2_Channel7_IRQHandler
                0x0000000008000a44                EXTI15_10_IRQHandler
                0x0000000008000a44                TIM7_IRQHandler
                0x0000000008000a44                SDMMC1_IRQHandler
                0x0000000008000a44                TIM5_IRQHandler
                0x0000000008000a44                I2C3_EV_IRQHandler
                0x0000000008000a44                EXTI9_5_IRQHandler
                0x0000000008000a44                RTC_WKUP_IRQHandler
                0x0000000008000a44                PVD_PVM_IRQHandler
                0x0000000008000a44                SPI2_IRQHandler
                0x0000000008000a44                MemManage_Handler
                0x0000000008000a44                CAN1_TX_IRQHandler
                0x0000000008000a44                SVC_Handler
                0x0000000008000a44                DMA2_Channel5_IRQHandler
                0x0000000008000a44                DMA1_Channel5_IRQHandler
                0x0000000008000a44                EXTI4_IRQHandler
                0x0000000008000a44                RNG_IRQHandler
                0x0000000008000a44                TIM1_TRG_COM_TIM17_IRQHandler
                0x0000000008000a44                DMA1_Channel3_IRQHandler
                0x0000000008000a44                COMP_IRQHandler
                0x0000000008000a44                WWDG_IRQHandler
                0x0000000008000a44                LPUART1_IRQHandler
                0x0000000008000a44                DMA2_Channel6_IRQHandler
                0x0000000008000a44                TIM2_IRQHandler
                0x0000000008000a44                EXTI1_IRQHandler
                0x0000000008000a44                USART2_IRQHandler
                0x0000000008000a44                DFSDM1_FLT0_IRQHandler
                0x0000000008000a44                I2C2_ER_IRQHandler
                0x0000000008000a44                DMA1_Channel2_IRQHandler
                0x0000000008000a44                TIM8_BRK_IRQHandler
                0x0000000008000a44                CAN1_SCE_IRQHandler
                0x0000000008000a44                FLASH_IRQHandler
                0x0000000008000a44                BusFault_Handler
                0x0000000008000a44                USART1_IRQHandler
                0x0000000008000a44                OTG_FS_IRQHandler
                0x0000000008000a44                SPI3_IRQHandler
                0x0000000008000a44                I2C1_ER_IRQHandler
                0x0000000008000a44                FMC_IRQHandler
                0x0000000008000a44                SWPMI1_IRQHandler
                0x0000000008000a44                LPTIM1_IRQHandler
                0x0000000008000a44                SAI1_IRQHandler
                0x0000000008000a44                DMA2_Channel3_IRQHandler
                0x0000000008000a44                RTC_Alarm_IRQHandler
 *fill*         0x0000000008000a46        0x2 
 .text.sprintf  0x0000000008000a48       0x40 /Applications/STM32CubeIDE.app/Contents/Eclipse/plugins/com.st.stm32cube.ide.mcu.externaltools.gnu-tools-for-stm32.11.3.rel1.macos64_1.1.100.202310310803/tools/bin/../lib/gcc/arm-none-eabi/11.3.1/../../../../arm-none-eabi/lib/thumb/v7e-m+fp/hard/libc_nano.a(libc_a-sprintf.o)
                0x0000000008000a48                sprintf
                0x0000000008000a48                siprintf
 .text.__errno  0x0000000008000a88        0xc /Applications/STM32CubeIDE.app/Contents/Eclipse/plugins/com.st.stm32cube.ide.mcu.externaltools.gnu-tools-for-stm32.11.3.rel1.macos64_1.1.100.202310310803/tools/bin/../lib/gcc/arm-none-eabi/11.3.1/../../../../arm-none-eabi/lib/thumb/v7e-m+fp/hard/libc_nano.a(libc_a-errno.o)
                0x0000000008000a88                __errno
 .text.__libc_init_array
                0x0000000008000a94       0x48 /Applications/STM32CubeIDE.app/Contents/Eclipse/plugins/com.st.stm32cube.ide.mcu.externaltools.gnu-tools-for-stm32.11.3.rel1.macos64_1.1.100.202310310803/tools/bin/../lib/gcc/arm-none-eabi/11.3.1/../../../../arm-none-eabi/lib/thumb/v7e-m+fp/hard/libc_nano.a(libc_a-init.o)
                0x0000000008000a94                __libc_init_array
 .text.__retarget_lock_acquire_recursive
                0x0000000008000adc        0x2 /Applications/STM32CubeIDE.app/Contents/Eclipse/plugins/com.st.stm32cube.ide.mcu.externaltools.gnu-tools-for-stm32.11.3.rel1.macos64_1.1.100.202310310803/tools/bin/../lib/gcc/arm-none-eabi/11.3.1/../../../../arm-none-eabi/lib/thumb/v7e-m+fp/hard/libc_nano.a(libc_a-lock.o)
                0x0000000008000adc                __retarget_lock_acquire_recursive
 .text.__retarget_lock_release_recursive
                0x0000000008000ade        0x2 /Applications/STM32CubeIDE.app/Contents/Eclipse/plugins/com.st.stm32cube.ide.mcu.externaltools.gnu-tools-for-stm32.11.3.rel1.macos64_1.1.100.202310310803/tools/bin/../lib/gcc/arm-none-eabi/11.3.1/../../../../arm-none-eabi/lib/thumb/v7e-m+fp/hard/libc_nano.a(libc_a-lock.o)
                0x0000000008000ade                __retarget_lock_release_recursive
 .text.__ssputs_r
                0x0000000008000ae0       0xb4 /Applications/STM32CubeIDE.app/Contents/Eclipse/plugins/com.st.stm32cube.ide.mcu.externaltools.gnu-tools-for-stm32.11.3.rel1.macos64_1.1.100.202310310803/tools/bin/../lib/gcc/arm-none-eabi/11.3.1/../../../../arm-none-eabi/lib/thumb/v7e-m+fp/hard/libc_nano.a(libc_a-nano-svfprintf.o)
                0x0000000008000ae0                __ssputs_r
 .text._svfprintf_r
                0x0000000008000b94      0x1fc /Applications/STM32CubeIDE.app/Contents/Eclipse/plugins/com.st.stm32cube.ide.mcu.externaltools.gnu-tools-for-stm32.11.3.rel1.macos64_1.1.100.202310310803/tools/bin/../lib/gcc/arm-none-eabi/11.3.1/../../../../arm-none-eabi/lib/thumb/v7e-m+fp/hard/libc_nano.a(libc_a-nano-svfprintf.o)
                0x0000000008000b94                _svfprintf_r
                0x0000000008000b94                _svfiprintf_r
 .text.sbrk_aligned
                0x0000000008000d90       0x40 /Applications/STM32CubeIDE.app/Contents/Eclipse/plugins/com.st.stm32cube.ide.mcu.externaltools.gnu-tools-for-stm32.11.3.rel1.macos64_1.1.100.202310310803/tools/bin/../lib/gcc/arm-none-eabi/11.3.1/../../../../arm-none-eabi/lib/thumb/v7e-m+fp/hard/libc_nano.a(libc_a-mallocr.o)
 .text._malloc_r
                0x0000000008000dd0      0x100 /Applications/STM32CubeIDE.app/Contents/Eclipse/plugins/com.st.stm32cube.ide.mcu.externaltools.gnu-tools-for-stm32.11.3.rel1.macos64_1.1.100.202310310803/tools/bin/../lib/gcc/arm-none-eabi/11.3.1/../../../../arm-none-eabi/lib/thumb/v7e-m+fp/hard/libc_nano.a(libc_a-mallocr.o)
                0x0000000008000dd0                _malloc_r
 .text._printf_common
                0x0000000008000ed0       0xda /Applications/STM32CubeIDE.app/Contents/Eclipse/plugins/com.st.stm32cube.ide.mcu.externaltools.gnu-tools-for-stm32.11.3.rel1.macos64_1.1.100.202310310803/tools/bin/../lib/gcc/arm-none-eabi/11.3.1/../../../../arm-none-eabi/lib/thumb/v7e-m+fp/hard/libc_nano.a(libc_a-nano-vfprintf_i.o)
                0x0000000008000ed0                _printf_common
 *fill*         0x0000000008000faa        0x2 
 .text._printf_i
                0x0000000008000fac      0x244 /Applications/STM32CubeIDE.app/Contents/Eclipse/plugins/com.st.stm32cube.ide.mcu.externaltools.gnu-tools-for-stm32.11.3.rel1.macos64_1.1.100.202310310803/tools/bin/../lib/gcc/arm-none-eabi/11.3.1/../../../../arm-none-eabi/lib/thumb/v7e-m+fp/hard/libc_nano.a(libc_a-nano-vfprintf_i.o)
                0x0000000008000fac                _printf_i
 .text.__malloc_lock
                0x00000000080011f0        0xc /Applications/STM32CubeIDE.app/Contents/Eclipse/plugins/com.st.stm32cube.ide.mcu.externaltools.gnu-tools-for-stm32.11.3.rel1.macos64_1.1.100.202310310803/tools/bin/../lib/gcc/arm-none-eabi/11.3.1/../../../../arm-none-eabi/lib/thumb/v7e-m+fp/hard/libc_nano.a(libc_a-mlock.o)
                0x00000000080011f0                __malloc_lock
 .text.__malloc_unlock
                0x00000000080011fc        0xc /Applications/STM32CubeIDE.app/Contents/Eclipse/plugins/com.st.stm32cube.ide.mcu.externaltools.gnu-tools-for-stm32.11.3.rel1.macos64_1.1.100.202310310803/tools/bin/../lib/gcc/arm-none-eabi/11.3.1/../../../../arm-none-eabi/lib/thumb/v7e-m+fp/hard/libc_nano.a(libc_a-mlock.o)
                0x00000000080011fc                __malloc_unlock
 .text._realloc_r
                0x0000000008001208       0x5e /Applications/STM32CubeIDE.app/Contents/Eclipse/plugins/com.st.stm32cube.ide.mcu.externaltools.gnu-tools-for-stm32.11.3.rel1.macos64_1.1.100.202310310803/tools/bin/../lib/gcc/arm-none-eabi/11.3.1/../../../../arm-none-eabi/lib/thumb/v7e-m+fp/hard/libc_nano.a(libc_a-reallocr.o)
                0x0000000008001208                _realloc_r
 .text.memmove  0x0000000008001266       0x34 /Applications/STM32CubeIDE.app/Contents/Eclipse/plugins/com.st.stm32cube.ide.mcu.externaltools.gnu-tools-for-stm32.11.3.rel1.macos64_1.1.100.202310310803/tools/bin/../lib/gcc/arm-none-eabi/11.3.1/../../../../arm-none-eabi/lib/thumb/v7e-m+fp/hard/libc_nano.a(libc_a-memmove.o)
                0x0000000008001266                memmove
 *fill*         0x000000000800129a        0x2 
 .text._sbrk_r  0x000000000800129c       0x20 /Applications/STM32CubeIDE.app/Contents/Eclipse/plugins/com.st.stm32cube.ide.mcu.externaltools.gnu-tools-for-stm32.11.3.rel1.macos64_1.1.100.202310310803/tools/bin/../lib/gcc/arm-none-eabi/11.3.1/../../../../arm-none-eabi/lib/thumb/v7e-m+fp/hard/libc_nano.a(libc_a-sbrkr.o)
                0x000000000800129c                _sbrk_r
 .text.memcpy   0x00000000080012bc       0x1c /Applications/STM32CubeIDE.app/Contents/Eclipse/plugins/com.st.stm32cube.ide.mcu.externaltools.gnu-tools-for-stm32.11.3.rel1.macos64_1.1.100.202310310803/tools/bin/../lib/gcc/arm-none-eabi/11.3.1/../../../../arm-none-eabi/lib/thumb/v7e-m+fp/hard/libc_nano.a(libc_a-memcpy-stub.o)
                0x00000000080012bc                memcpy
 .text._free_r  0x00000000080012d8       0x98 /Applications/STM32CubeIDE.app/Contents/Eclipse/plugins/com.st.stm32cube.ide.mcu.externaltools.gnu-tools-for-stm32.11.3.rel1.macos64_1.1.100.202310310803/tools/bin/../lib/gcc/arm-none-eabi/11.3.1/../../../../arm-none-eabi/lib/thumb/v7e-m+fp/hard/libc_nano.a(libc_a-freer.o)
                0x00000000080012d8                _free_r
 .text._malloc_usable_size_r
                0x0000000008001370       0x10 /Applications/STM32CubeIDE.app/Contents/Eclipse/plugins/com.st.stm32cube.ide.mcu.externaltools.gnu-tools-for-stm32.11.3.rel1.macos64_1.1.100.202310310803/tools/bin/../lib/gcc/arm-none-eabi/11.3.1/../../../../arm-none-eabi/lib/thumb/v7e-m+fp/hard/libc_nano.a(libc_a-msizer.o)
                0x0000000008001370                _malloc_usable_size_r
 *(.glue_7)
 .glue_7        0x0000000008001380        0x0 linker stubs
 *(.glue_7t)
 .glue_7t       0x0000000008001380        0x0 linker stubs
 *(.eh_frame)
 .eh_frame      0x0000000008001380        0x0 /Applications/STM32CubeIDE.app/Contents/Eclipse/plugins/com.st.stm32cube.ide.mcu.externaltools.gnu-tools-for-stm32.11.3.rel1.macos64_1.1.100.202310310803/tools/bin/../lib/gcc/arm-none-eabi/11.3.1/thumb/v7e-m+fp/hard/crtbegin.o
 *(.init)
 .init          0x0000000008001380        0x4 /Applications/STM32CubeIDE.app/Contents/Eclipse/plugins/com.st.stm32cube.ide.mcu.externaltools.gnu-tools-for-stm32.11.3.rel1.macos64_1.1.100.202310310803/tools/bin/../lib/gcc/arm-none-eabi/11.3.1/thumb/v7e-m+fp/hard/crti.o
                0x0000000008001380                _init
 .init          0x0000000008001384        0x8 /Applications/STM32CubeIDE.app/Contents/Eclipse/plugins/com.st.stm32cube.ide.mcu.externaltools.gnu-tools-for-stm32.11.3.rel1.macos64_1.1.100.202310310803/tools/bin/../lib/gcc/arm-none-eabi/11.3.1/thumb/v7e-m+fp/hard/crtn.o
 *(.fini)
 .fini          0x000000000800138c        0x4 /Applications/STM32CubeIDE.app/Contents/Eclipse/plugins/com.st.stm32cube.ide.mcu.externaltools.gnu-tools-for-stm32.11.3.rel1.macos64_1.1.100.202310310803/tools/bin/../lib/gcc/arm-none-eabi/11.3.1/thumb/v7e-m+fp/hard/crti.o
                0x000000000800138c                _fini
 .fini          0x0000000008001390        0x8 /Applications/STM32CubeIDE.app/Contents/Eclipse/plugins/com.st.stm32cube.ide.mcu.externaltools.gnu-tools-for-stm32.11.3.rel1.macos64_1.1.100.202310310803/tools/bin/../lib/gcc/arm-none-eabi/11.3.1/thumb/v7e-m+fp/hard/crtn.o
                0x0000000008001398                . = ALIGN (0x4)
                0x0000000008001398                _etext = .

.vfp11_veneer   0x0000000008001398        0x0
 .vfp11_veneer  0x0000000008001398        0x0 linker stubs

.v4_bx          0x0000000008001398        0x0
 .v4_bx         0x0000000008001398        0x0 linker stubs

.iplt           0x0000000008001398        0x0
 .iplt          0x0000000008001398        0x0 /Applications/STM32CubeIDE.app/Contents/Eclipse/plugins/com.st.stm32cube.ide.mcu.externaltools.gnu-tools-for-stm32.11.3.rel1.macos64_1.1.100.202310310803/tools/bin/../lib/gcc/arm-none-eabi/11.3.1/thumb/v7e-m+fp/hard/crtbegin.o

.rodata         0x0000000008001398       0x40
                0x0000000008001398                . = ALIGN (0x4)
 *(.rodata)
 .rodata        0x0000000008001398        0xb ./Core/Src/Homework/printf.o
 *(.rodata*)
 .rodata._svfprintf_r.str1.1
                0x00000000080013a3       0x11 /Applications/STM32CubeIDE.app/Contents/Eclipse/plugins/com.st.stm32cube.ide.mcu.externaltools.gnu-tools-for-stm32.11.3.rel1.macos64_1.1.100.202310310803/tools/bin/../lib/gcc/arm-none-eabi/11.3.1/../../../../arm-none-eabi/lib/thumb/v7e-m+fp/hard/libc_nano.a(libc_a-nano-svfprintf.o)
 .rodata._printf_i.str1.1
                0x00000000080013b4       0x22 /Applications/STM32CubeIDE.app/Contents/Eclipse/plugins/com.st.stm32cube.ide.mcu.externaltools.gnu-tools-for-stm32.11.3.rel1.macos64_1.1.100.202310310803/tools/bin/../lib/gcc/arm-none-eabi/11.3.1/../../../../arm-none-eabi/lib/thumb/v7e-m+fp/hard/libc_nano.a(libc_a-nano-vfprintf_i.o)
                0x00000000080013d8                . = ALIGN (0x4)
 *fill*         0x00000000080013d6        0x2 

.rel.dyn        0x00000000080013d8        0x0
 .rel.iplt      0x00000000080013d8        0x0 /Applications/STM32CubeIDE.app/Contents/Eclipse/plugins/com.st.stm32cube.ide.mcu.externaltools.gnu-tools-for-stm32.11.3.rel1.macos64_1.1.100.202310310803/tools/bin/../lib/gcc/arm-none-eabi/11.3.1/thumb/v7e-m+fp/hard/crtbegin.o

.ARM.extab      0x00000000080013d8        0x0
                0x00000000080013d8                . = ALIGN (0x4)
 *(.ARM.extab* .gnu.linkonce.armextab.*)
                0x00000000080013d8                . = ALIGN (0x4)

.ARM            0x00000000080013d8        0x0
                0x00000000080013d8                . = ALIGN (0x4)
                0x00000000080013d8                __exidx_start = .
 *(.ARM.exidx*)
                0x00000000080013d8                __exidx_end = .
                0x00000000080013d8                . = ALIGN (0x4)

.preinit_array  0x00000000080013d8        0x0
                0x00000000080013d8                . = ALIGN (0x4)
                0x00000000080013d8                PROVIDE (__preinit_array_start = .)
 *(.preinit_array*)
                0x00000000080013d8                PROVIDE (__preinit_array_end = .)
                0x00000000080013d8                . = ALIGN (0x4)

.init_array     0x00000000080013d8        0x4
                0x00000000080013d8                . = ALIGN (0x4)
                0x00000000080013d8                PROVIDE (__init_array_start = .)
 *(SORT_BY_NAME(.init_array.*))
 *(.init_array*)
 .init_array    0x00000000080013d8        0x4 /Applications/STM32CubeIDE.app/Contents/Eclipse/plugins/com.st.stm32cube.ide.mcu.externaltools.gnu-tools-for-stm32.11.3.rel1.macos64_1.1.100.202310310803/tools/bin/../lib/gcc/arm-none-eabi/11.3.1/thumb/v7e-m+fp/hard/crtbegin.o
                0x00000000080013dc                PROVIDE (__init_array_end = .)
                0x00000000080013dc                . = ALIGN (0x4)

.fini_array     0x00000000080013dc        0x4
                0x00000000080013dc                . = ALIGN (0x4)
                [!provide]                        PROVIDE (__fini_array_start = .)
 *(SORT_BY_NAME(.fini_array.*))
 *(.fini_array*)
 .fini_array    0x00000000080013dc        0x4 /Applications/STM32CubeIDE.app/Contents/Eclipse/plugins/com.st.stm32cube.ide.mcu.externaltools.gnu-tools-for-stm32.11.3.rel1.macos64_1.1.100.202310310803/tools/bin/../lib/gcc/arm-none-eabi/11.3.1/thumb/v7e-m+fp/hard/crtbegin.o
                [!provide]                        PROVIDE (__fini_array_end = .)
                0x00000000080013e0                . = ALIGN (0x4)
                0x00000000080013e0                _sidata = LOADADDR (.data)

.data           0x0000000020000000       0x54 load address 0x00000000080013e0
                0x0000000020000000                . = ALIGN (0x4)
                0x0000000020000000                _sdata = .
 *(.data)
 *(.data*)
 .data.systick  0x0000000020000000        0x4 ./Core/Src/Homework/Systick.o
                0x0000000020000000                systick
 .data._impure_data
                0x0000000020000004       0x4c /Applications/STM32CubeIDE.app/Contents/Eclipse/plugins/com.st.stm32cube.ide.mcu.externaltools.gnu-tools-for-stm32.11.3.rel1.macos64_1.1.100.202310310803/tools/bin/../lib/gcc/arm-none-eabi/11.3.1/../../../../arm-none-eabi/lib/thumb/v7e-m+fp/hard/libc_nano.a(libc_a-impure.o)
                0x0000000020000004                _impure_data
 .data._impure_ptr
                0x0000000020000050        0x4 /Applications/STM32CubeIDE.app/Contents/Eclipse/plugins/com.st.stm32cube.ide.mcu.externaltools.gnu-tools-for-stm32.11.3.rel1.macos64_1.1.100.202310310803/tools/bin/../lib/gcc/arm-none-eabi/11.3.1/../../../../arm-none-eabi/lib/thumb/v7e-m+fp/hard/libc_nano.a(libc_a-impure.o)
                0x0000000020000050                _impure_ptr
 *(.RamFunc)
 *(.RamFunc*)
                0x0000000020000054                . = ALIGN (0x4)
                0x0000000020000054                _edata = .

.igot.plt       0x0000000020000054        0x0 load address 0x0000000008001434
 .igot.plt      0x0000000020000054        0x0 /Applications/STM32CubeIDE.app/Contents/Eclipse/plugins/com.st.stm32cube.ide.mcu.externaltools.gnu-tools-for-stm32.11.3.rel1.macos64_1.1.100.202310310803/tools/bin/../lib/gcc/arm-none-eabi/11.3.1/thumb/v7e-m+fp/hard/crtbegin.o
                0x0000000020000054                . = ALIGN (0x4)

.bss            0x0000000020000054      0x208 load address 0x0000000008001434
                0x0000000020000054                _sbss = .
                0x0000000020000054                __bss_start__ = _sbss
 *(.bss)
 .bss           0x0000000020000054       0x1c /Applications/STM32CubeIDE.app/Contents/Eclipse/plugins/com.st.stm32cube.ide.mcu.externaltools.gnu-tools-for-stm32.11.3.rel1.macos64_1.1.100.202310310803/tools/bin/../lib/gcc/arm-none-eabi/11.3.1/thumb/v7e-m+fp/hard/crtbegin.o
 *(.bss*)
 .bss.BUFFER    0x0000000020000070       0x50 ./Core/Src/Activities/Activity_8.o
 .bss.buffer    0x00000000200000c0       0x50 ./Core/Src/Homework/printf.o
 .bss.__sbrk_heap_end
                0x0000000020000110        0x4 ./Core/Src/System/sysmem.o
 .bss.__sf      0x0000000020000114      0x138 /Applications/STM32CubeIDE.app/Contents/Eclipse/plugins/com.st.stm32cube.ide.mcu.externaltools.gnu-tools-for-stm32.11.3.rel1.macos64_1.1.100.202310310803/tools/bin/../lib/gcc/arm-none-eabi/11.3.1/../../../../arm-none-eabi/lib/thumb/v7e-m+fp/hard/libc_nano.a(libc_a-findfp.o)
                0x0000000020000114                __sf
 .bss.__lock___malloc_recursive_mutex
                0x000000002000024c        0x1 /Applications/STM32CubeIDE.app/Contents/Eclipse/plugins/com.st.stm32cube.ide.mcu.externaltools.gnu-tools-for-stm32.11.3.rel1.macos64_1.1.100.202310310803/tools/bin/../lib/gcc/arm-none-eabi/11.3.1/../../../../arm-none-eabi/lib/thumb/v7e-m+fp/hard/libc_nano.a(libc_a-lock.o)
                0x000000002000024c                __lock___malloc_recursive_mutex
 *fill*         0x000000002000024d        0x3 
 .bss.__malloc_free_list
                0x0000000020000250        0x4 /Applications/STM32CubeIDE.app/Contents/Eclipse/plugins/com.st.stm32cube.ide.mcu.externaltools.gnu-tools-for-stm32.11.3.rel1.macos64_1.1.100.202310310803/tools/bin/../lib/gcc/arm-none-eabi/11.3.1/../../../../arm-none-eabi/lib/thumb/v7e-m+fp/hard/libc_nano.a(libc_a-mallocr.o)
                0x0000000020000250                __malloc_free_list
 .bss.__malloc_sbrk_start
                0x0000000020000254        0x4 /Applications/STM32CubeIDE.app/Contents/Eclipse/plugins/com.st.stm32cube.ide.mcu.externaltools.gnu-tools-for-stm32.11.3.rel1.macos64_1.1.100.202310310803/tools/bin/../lib/gcc/arm-none-eabi/11.3.1/../../../../arm-none-eabi/lib/thumb/v7e-m+fp/hard/libc_nano.a(libc_a-mallocr.o)
                0x0000000020000254                __malloc_sbrk_start
 .bss.errno     0x0000000020000258        0x4 /Applications/STM32CubeIDE.app/Contents/Eclipse/plugins/com.st.stm32cube.ide.mcu.externaltools.gnu-tools-for-stm32.11.3.rel1.macos64_1.1.100.202310310803/tools/bin/../lib/gcc/arm-none-eabi/11.3.1/../../../../arm-none-eabi/lib/thumb/v7e-m+fp/hard/libc_nano.a(libc_a-reent.o)
                0x0000000020000258                errno
 *(COMMON)
                0x000000002000025c                . = ALIGN (0x4)
                0x000000002000025c                _ebss = .
                0x000000002000025c                __bss_end__ = _ebss

._user_heap_stack
                0x000000002000025c      0x604 load address 0x0000000008001434
                0x0000000020000260                . = ALIGN (0x8)
 *fill*         0x000000002000025c        0x4 
                [!provide]                        PROVIDE (end = .)
                0x0000000020000260                PROVIDE (_end = .)
                0x0000000020000460                . = (. + _Min_Heap_Size)
 *fill*         0x0000000020000260      0x200 
                0x0000000020000860                . = (. + _Min_Stack_Size)
 *fill*         0x0000000020000460      0x400 
                0x0000000020000860                . = ALIGN (0x8)

/DISCARD/
 libc.a(*)
 libm.a(*)
 libgcc.a(*)

.ARM.attributes
                0x0000000000000000       0x30
 *(.ARM.attributes)
 .ARM.attributes
                0x0000000000000000       0x1e /Applications/STM32CubeIDE.app/Contents/Eclipse/plugins/com.st.stm32cube.ide.mcu.externaltools.gnu-tools-for-stm32.11.3.rel1.macos64_1.1.100.202310310803/tools/bin/../lib/gcc/arm-none-eabi/11.3.1/thumb/v7e-m+fp/hard/crti.o
 .ARM.attributes
                0x000000000000001e       0x34 /Applications/STM32CubeIDE.app/Contents/Eclipse/plugins/com.st.stm32cube.ide.mcu.externaltools.gnu-tools-for-stm32.11.3.rel1.macos64_1.1.100.202310310803/tools/bin/../lib/gcc/arm-none-eabi/11.3.1/thumb/v7e-m+fp/hard/crtbegin.o
 .ARM.attributes
                0x0000000000000052       0x34 ./Core/Src/Activities/Activity_8.o
 .ARM.attributes
                0x0000000000000086       0x34 ./Core/Src/Devices/LED.o
 .ARM.attributes
                0x00000000000000ba       0x34 ./Core/Src/Devices/UART.o
 .ARM.attributes
                0x00000000000000ee       0x34 ./Core/Src/Homework/Systick.o
 .ARM.attributes
                0x0000000000000122       0x34 ./Core/Src/Homework/printf.o
 .ARM.attributes
                0x0000000000000156       0x34 ./Core/Src/Project/project.o
 .ARM.attributes
                0x000000000000018a       0x34 ./Core/Src/System/SysClock.o
 .ARM.attributes
                0x00000000000001be       0x34 ./Core/Src/System/sysmem.o
 .ARM.attributes
                0x00000000000001f2       0x34 ./Core/Src/System/system_stm32l4xx.o
 .ARM.attributes
                0x0000000000000226       0x34 ./Core/Src/main.o
 .ARM.attributes
                0x000000000000025a       0x21 ./Core/Startup/startup_stm32l476rgtx.o
 .ARM.attributes
                0x000000000000027b       0x34 /Applications/STM32CubeIDE.app/Contents/Eclipse/plugins/com.st.stm32cube.ide.mcu.externaltools.gnu-tools-for-stm32.11.3.rel1.macos64_1.1.100.202310310803/tools/bin/../lib/gcc/arm-none-eabi/11.3.1/../../../../arm-none-eabi/lib/thumb/v7e-m+fp/hard/libc_nano.a(libc_a-sprintf.o)
 .ARM.attributes
                0x00000000000002af       0x34 /Applications/STM32CubeIDE.app/Contents/Eclipse/plugins/com.st.stm32cube.ide.mcu.externaltools.gnu-tools-for-stm32.11.3.rel1.macos64_1.1.100.202310310803/tools/bin/../lib/gcc/arm-none-eabi/11.3.1/../../../../arm-none-eabi/lib/thumb/v7e-m+fp/hard/libc_nano.a(libc_a-findfp.o)
 .ARM.attributes
                0x00000000000002e3       0x34 /Applications/STM32CubeIDE.app/Contents/Eclipse/plugins/com.st.stm32cube.ide.mcu.externaltools.gnu-tools-for-stm32.11.3.rel1.macos64_1.1.100.202310310803/tools/bin/../lib/gcc/arm-none-eabi/11.3.1/../../../../arm-none-eabi/lib/thumb/v7e-m+fp/hard/libc_nano.a(libc_a-impure.o)
 .ARM.attributes
                0x0000000000000317       0x34 /Applications/STM32CubeIDE.app/Contents/Eclipse/plugins/com.st.stm32cube.ide.mcu.externaltools.gnu-tools-for-stm32.11.3.rel1.macos64_1.1.100.202310310803/tools/bin/../lib/gcc/arm-none-eabi/11.3.1/../../../../arm-none-eabi/lib/thumb/v7e-m+fp/hard/libc_nano.a(libc_a-errno.o)
 .ARM.attributes
                0x000000000000034b       0x34 /Applications/STM32CubeIDE.app/Contents/Eclipse/plugins/com.st.stm32cube.ide.mcu.externaltools.gnu-tools-for-stm32.11.3.rel1.macos64_1.1.100.202310310803/tools/bin/../lib/gcc/arm-none-eabi/11.3.1/../../../../arm-none-eabi/lib/thumb/v7e-m+fp/hard/libc_nano.a(libc_a-init.o)
 .ARM.attributes
                0x000000000000037f       0x34 /Applications/STM32CubeIDE.app/Contents/Eclipse/plugins/com.st.stm32cube.ide.mcu.externaltools.gnu-tools-for-stm32.11.3.rel1.macos64_1.1.100.202310310803/tools/bin/../lib/gcc/arm-none-eabi/11.3.1/../../../../arm-none-eabi/lib/thumb/v7e-m+fp/hard/libc_nano.a(libc_a-lock.o)
 .ARM.attributes
                0x00000000000003b3       0x34 /Applications/STM32CubeIDE.app/Contents/Eclipse/plugins/com.st.stm32cube.ide.mcu.externaltools.gnu-tools-for-stm32.11.3.rel1.macos64_1.1.100.202310310803/tools/bin/../lib/gcc/arm-none-eabi/11.3.1/../../../../arm-none-eabi/lib/thumb/v7e-m+fp/hard/libc_nano.a(libc_a-nano-svfprintf.o)
 .ARM.attributes
                0x00000000000003e7       0x34 /Applications/STM32CubeIDE.app/Contents/Eclipse/plugins/com.st.stm32cube.ide.mcu.externaltools.gnu-tools-for-stm32.11.3.rel1.macos64_1.1.100.202310310803/tools/bin/../lib/gcc/arm-none-eabi/11.3.1/../../../../arm-none-eabi/lib/thumb/v7e-m+fp/hard/libc_nano.a(libc_a-mallocr.o)
 .ARM.attributes
                0x000000000000041b       0x34 /Applications/STM32CubeIDE.app/Contents/Eclipse/plugins/com.st.stm32cube.ide.mcu.externaltools.gnu-tools-for-stm32.11.3.rel1.macos64_1.1.100.202310310803/tools/bin/../lib/gcc/arm-none-eabi/11.3.1/../../../../arm-none-eabi/lib/thumb/v7e-m+fp/hard/libc_nano.a(libc_a-nano-vfprintf_i.o)
 .ARM.attributes
                0x000000000000044f       0x34 /Applications/STM32CubeIDE.app/Contents/Eclipse/plugins/com.st.stm32cube.ide.mcu.externaltools.gnu-tools-for-stm32.11.3.rel1.macos64_1.1.100.202310310803/tools/bin/../lib/gcc/arm-none-eabi/11.3.1/../../../../arm-none-eabi/lib/thumb/v7e-m+fp/hard/libc_nano.a(libc_a-mlock.o)
 .ARM.attributes
                0x0000000000000483       0x34 /Applications/STM32CubeIDE.app/Contents/Eclipse/plugins/com.st.stm32cube.ide.mcu.externaltools.gnu-tools-for-stm32.11.3.rel1.macos64_1.1.100.202310310803/tools/bin/../lib/gcc/arm-none-eabi/11.3.1/../../../../arm-none-eabi/lib/thumb/v7e-m+fp/hard/libc_nano.a(libc_a-reallocr.o)
 .ARM.attributes
                0x00000000000004b7       0x34 /Applications/STM32CubeIDE.app/Contents/Eclipse/plugins/com.st.stm32cube.ide.mcu.externaltools.gnu-tools-for-stm32.11.3.rel1.macos64_1.1.100.202310310803/tools/bin/../lib/gcc/arm-none-eabi/11.3.1/../../../../arm-none-eabi/lib/thumb/v7e-m+fp/hard/libc_nano.a(libc_a-memmove.o)
 .ARM.attributes
                0x00000000000004eb       0x34 /Applications/STM32CubeIDE.app/Contents/Eclipse/plugins/com.st.stm32cube.ide.mcu.externaltools.gnu-tools-for-stm32.11.3.rel1.macos64_1.1.100.202310310803/tools/bin/../lib/gcc/arm-none-eabi/11.3.1/../../../../arm-none-eabi/lib/thumb/v7e-m+fp/hard/libc_nano.a(libc_a-reent.o)
 .ARM.attributes
                0x000000000000051f       0x34 /Applications/STM32CubeIDE.app/Contents/Eclipse/plugins/com.st.stm32cube.ide.mcu.externaltools.gnu-tools-for-stm32.11.3.rel1.macos64_1.1.100.202310310803/tools/bin/../lib/gcc/arm-none-eabi/11.3.1/../../../../arm-none-eabi/lib/thumb/v7e-m+fp/hard/libc_nano.a(libc_a-sbrkr.o)
 .ARM.attributes
                0x0000000000000553       0x1c /Applications/STM32CubeIDE.app/Contents/Eclipse/plugins/com.st.stm32cube.ide.mcu.externaltools.gnu-tools-for-stm32.11.3.rel1.macos64_1.1.100.202310310803/tools/bin/../lib/gcc/arm-none-eabi/11.3.1/../../../../arm-none-eabi/lib/thumb/v7e-m+fp/hard/libc_nano.a(libc_a-memchr.o)
 .ARM.attributes
                0x000000000000056f       0x34 /Applications/STM32CubeIDE.app/Contents/Eclipse/plugins/com.st.stm32cube.ide.mcu.externaltools.gnu-tools-for-stm32.11.3.rel1.macos64_1.1.100.202310310803/tools/bin/../lib/gcc/arm-none-eabi/11.3.1/../../../../arm-none-eabi/lib/thumb/v7e-m+fp/hard/libc_nano.a(libc_a-memcpy-stub.o)
 .ARM.attributes
                0x00000000000005a3       0x34 /Applications/STM32CubeIDE.app/Contents/Eclipse/plugins/com.st.stm32cube.ide.mcu.externaltools.gnu-tools-for-stm32.11.3.rel1.macos64_1.1.100.202310310803/tools/bin/../lib/gcc/arm-none-eabi/11.3.1/../../../../arm-none-eabi/lib/thumb/v7e-m+fp/hard/libc_nano.a(libc_a-freer.o)
 .ARM.attributes
                0x00000000000005d7       0x34 /Applications/STM32CubeIDE.app/Contents/Eclipse/plugins/com.st.stm32cube.ide.mcu.externaltools.gnu-tools-for-stm32.11.3.rel1.macos64_1.1.100.202310310803/tools/bin/../lib/gcc/arm-none-eabi/11.3.1/../../../../arm-none-eabi/lib/thumb/v7e-m+fp/hard/libc_nano.a(libc_a-msizer.o)
 .ARM.attributes
                0x000000000000060b       0x1e /Applications/STM32CubeIDE.app/Contents/Eclipse/plugins/com.st.stm32cube.ide.mcu.externaltools.gnu-tools-for-stm32.11.3.rel1.macos64_1.1.100.202310310803/tools/bin/../lib/gcc/arm-none-eabi/11.3.1/thumb/v7e-m+fp/hard/crtn.o
OUTPUT(swenproject.elf elf32-littlearm)
LOAD linker stubs
LOAD /Applications/STM32CubeIDE.app/Contents/Eclipse/plugins/com.st.stm32cube.ide.mcu.externaltools.gnu-tools-for-stm32.11.3.rel1.macos64_1.1.100.202310310803/tools/bin/../lib/gcc/arm-none-eabi/11.3.1/../../../../arm-none-eabi/lib/thumb/v7e-m+fp/hard/libc.a
LOAD /Applications/STM32CubeIDE.app/Contents/Eclipse/plugins/com.st.stm32cube.ide.mcu.externaltools.gnu-tools-for-stm32.11.3.rel1.macos64_1.1.100.202310310803/tools/bin/../lib/gcc/arm-none-eabi/11.3.1/../../../../arm-none-eabi/lib/thumb/v7e-m+fp/hard/libm.a
LOAD /Applications/STM32CubeIDE.app/Contents/Eclipse/plugins/com.st.stm32cube.ide.mcu.externaltools.gnu-tools-for-stm32.11.3.rel1.macos64_1.1.100.202310310803/tools/bin/../lib/gcc/arm-none-eabi/11.3.1/thumb/v7e-m+fp/hard/libgcc.a

.comment        0x0000000000000000       0x43
 .comment       0x0000000000000000       0x43 /Applications/STM32CubeIDE.app/Contents/Eclipse/plugins/com.st.stm32cube.ide.mcu.externaltools.gnu-tools-for-stm32.11.3.rel1.macos64_1.1.100.202310310803/tools/bin/../lib/gcc/arm-none-eabi/11.3.1/thumb/v7e-m+fp/hard/crtbegin.o
                                         0x44 (size before relaxing)
 .comment       0x0000000000000043       0x44 ./Core/Src/Activities/Activity_8.o
 .comment       0x0000000000000043       0x44 ./Core/Src/Devices/LED.o
 .comment       0x0000000000000043       0x44 ./Core/Src/Devices/UART.o
 .comment       0x0000000000000043       0x44 ./Core/Src/Homework/Systick.o
 .comment       0x0000000000000043       0x44 ./Core/Src/Homework/printf.o
 .comment       0x0000000000000043       0x44 ./Core/Src/Project/project.o
 .comment       0x0000000000000043       0x44 ./Core/Src/System/SysClock.o
 .comment       0x0000000000000043       0x44 ./Core/Src/System/sysmem.o
 .comment       0x0000000000000043       0x44 ./Core/Src/System/system_stm32l4xx.o
 .comment       0x0000000000000043       0x44 ./Core/Src/main.o

.debug_info     0x0000000000000000     0x1c3a
 .debug_info    0x0000000000000000      0x28b ./Core/Src/Activities/Activity_8.o
 .debug_info    0x000000000000028b      0x3a0 ./Core/Src/Devices/LED.o
 .debug_info    0x000000000000062b      0x582 ./Core/Src/Devices/UART.o
 .debug_info    0x0000000000000bad      0x105 ./Core/Src/Homework/Systick.o
 .debug_info    0x0000000000000cb2      0x343 ./Core/Src/Homework/printf.o
 .debug_info    0x0000000000000ff5       0x83 ./Core/Src/Project/project.o
 .debug_info    0x0000000000001078      0x385 ./Core/Src/System/SysClock.o
 .debug_info    0x00000000000013fd      0x168 ./Core/Src/System/sysmem.o
 .debug_info    0x0000000000001565      0x5ce ./Core/Src/System/system_stm32l4xx.o
 .debug_info    0x0000000000001b33       0xe4 ./Core/Src/main.o
 .debug_info    0x0000000000001c17       0x23 ./Core/Startup/startup_stm32l476rgtx.o

.debug_abbrev   0x0000000000000000      0x9fa
 .debug_abbrev  0x0000000000000000      0x150 ./Core/Src/Activities/Activity_8.o
 .debug_abbrev  0x0000000000000150       0xe4 ./Core/Src/Devices/LED.o
 .debug_abbrev  0x0000000000000234      0x171 ./Core/Src/Devices/UART.o
 .debug_abbrev  0x00000000000003a5       0xbc ./Core/Src/Homework/Systick.o
 .debug_abbrev  0x0000000000000461      0x185 ./Core/Src/Homework/printf.o
 .debug_abbrev  0x00000000000005e6       0x8a ./Core/Src/Project/project.o
 .debug_abbrev  0x0000000000000670       0xc6 ./Core/Src/System/SysClock.o
 .debug_abbrev  0x0000000000000736       0xbc ./Core/Src/System/sysmem.o
 .debug_abbrev  0x00000000000007f2      0x13f ./Core/Src/System/system_stm32l4xx.o
 .debug_abbrev  0x0000000000000931       0xb7 ./Core/Src/main.o
 .debug_abbrev  0x00000000000009e8       0x12 ./Core/Startup/startup_stm32l476rgtx.o

.debug_aranges  0x0000000000000000      0x1f0
 .debug_aranges
                0x0000000000000000       0x38 ./Core/Src/Activities/Activity_8.o
 .debug_aranges
                0x0000000000000038       0x38 ./Core/Src/Devices/LED.o
 .debug_aranges
                0x0000000000000070       0x50 ./Core/Src/Devices/UART.o
 .debug_aranges
                0x00000000000000c0       0x28 ./Core/Src/Homework/Systick.o
 .debug_aranges
                0x00000000000000e8       0x38 ./Core/Src/Homework/printf.o
 .debug_aranges
                0x0000000000000120       0x20 ./Core/Src/Project/project.o
 .debug_aranges
                0x0000000000000140       0x20 ./Core/Src/System/SysClock.o
 .debug_aranges
                0x0000000000000160       0x20 ./Core/Src/System/sysmem.o
 .debug_aranges
                0x0000000000000180       0x28 ./Core/Src/System/system_stm32l4xx.o
 .debug_aranges
                0x00000000000001a8       0x20 ./Core/Src/main.o
 .debug_aranges
                0x00000000000001c8       0x28 ./Core/Startup/startup_stm32l476rgtx.o

.debug_rnglists
                0x0000000000000000      0x143
 .debug_rnglists
                0x0000000000000000       0x25 ./Core/Src/Activities/Activity_8.o
 .debug_rnglists
                0x0000000000000025       0x26 ./Core/Src/Devices/LED.o
 .debug_rnglists
                0x000000000000004b       0x3a ./Core/Src/Devices/UART.o
 .debug_rnglists
                0x0000000000000085       0x19 ./Core/Src/Homework/Systick.o
 .debug_rnglists
                0x000000000000009e       0x25 ./Core/Src/Homework/printf.o
 .debug_rnglists
                0x00000000000000c3       0x13 ./Core/Src/Project/project.o
 .debug_rnglists
                0x00000000000000d6       0x14 ./Core/Src/System/SysClock.o
 .debug_rnglists
                0x00000000000000ea       0x13 ./Core/Src/System/sysmem.o
 .debug_rnglists
                0x00000000000000fd       0x1a ./Core/Src/System/system_stm32l4xx.o
 .debug_rnglists
                0x0000000000000117       0x13 ./Core/Src/main.o
 .debug_rnglists
                0x000000000000012a       0x19 ./Core/Startup/startup_stm32l476rgtx.o

.debug_macro    0x0000000000000000    0x1d054
 .debug_macro   0x0000000000000000       0xd9 ./Core/Src/Activities/Activity_8.o
 .debug_macro   0x00000000000000d9      0xaa8 ./Core/Src/Activities/Activity_8.o
 .debug_macro   0x0000000000000b81       0x22 ./Core/Src/Activities/Activity_8.o
 .debug_macro   0x0000000000000ba3       0x8e ./Core/Src/Activities/Activity_8.o
 .debug_macro   0x0000000000000c31       0x51 ./Core/Src/Activities/Activity_8.o
 .debug_macro   0x0000000000000c82      0x103 ./Core/Src/Activities/Activity_8.o
 .debug_macro   0x0000000000000d85       0x6a ./Core/Src/Activities/Activity_8.o
 .debug_macro   0x0000000000000def      0x1df ./Core/Src/Activities/Activity_8.o
 .debug_macro   0x0000000000000fce       0x28 ./Core/Src/Activities/Activity_8.o
 .debug_macro   0x0000000000000ff6       0x1c ./Core/Src/Activities/Activity_8.o
 .debug_macro   0x0000000000001012       0x22 ./Core/Src/Activities/Activity_8.o
 .debug_macro   0x0000000000001034       0xfb ./Core/Src/Activities/Activity_8.o
 .debug_macro   0x000000000000112f     0x1011 ./Core/Src/Activities/Activity_8.o
 .debug_macro   0x0000000000002140      0x11f ./Core/Src/Activities/Activity_8.o
 .debug_macro   0x000000000000225f    0x1a17a ./Core/Src/Activities/Activity_8.o
 .debug_macro   0x000000000001c3d9       0xcf ./Core/Src/Devices/LED.o
 .debug_macro   0x000000000001c4a8       0xdb ./Core/Src/Devices/UART.o
 .debug_macro   0x000000000001c583       0x6d ./Core/Src/Homework/Systick.o
 .debug_macro   0x000000000001c5f0      0x1bf ./Core/Src/Homework/printf.o
 .debug_macro   0x000000000001c7af       0x61 ./Core/Src/Homework/printf.o
 .debug_macro   0x000000000001c810       0x4c ./Core/Src/Homework/printf.o
 .debug_macro   0x000000000001c85c       0x2f ./Core/Src/Project/project.o
 .debug_macro   0x000000000001c88b       0xc9 ./Core/Src/System/SysClock.o
 .debug_macro   0x000000000001c954       0xff ./Core/Src/System/sysmem.o
 .debug_macro   0x000000000001ca53      0x23c ./Core/Src/System/sysmem.o
 .debug_macro   0x000000000001cc8f      0x1d5 ./Core/Src/System/system_stm32l4xx.o
 .debug_macro   0x000000000001ce64      0x1e0 ./Core/Src/main.o
 .debug_macro   0x000000000001d044       0x10 ./Core/Src/main.o

.debug_line     0x0000000000000000     0x36d5
 .debug_line    0x0000000000000000      0x569 ./Core/Src/Activities/Activity_8.o
 .debug_line    0x0000000000000569      0x53f ./Core/Src/Devices/LED.o
 .debug_line    0x0000000000000aa8      0x67a ./Core/Src/Devices/UART.o
 .debug_line    0x0000000000001122      0x41d ./Core/Src/Homework/Systick.o
 .debug_line    0x000000000000153f      0x6bc ./Core/Src/Homework/printf.o
 .debug_line    0x0000000000001bfb       0xee ./Core/Src/Project/project.o
 .debug_line    0x0000000000001ce9      0x58a ./Core/Src/System/SysClock.o
 .debug_line    0x0000000000002273      0x523 ./Core/Src/System/sysmem.o
 .debug_line    0x0000000000002796      0x7e3 ./Core/Src/System/system_stm32l4xx.o
 .debug_line    0x0000000000002f79      0x6e2 ./Core/Src/main.o
 .debug_line    0x000000000000365b       0x7a ./Core/Startup/startup_stm32l476rgtx.o

.debug_str      0x0000000000000000    0xf3b87
 .debug_str     0x0000000000000000    0x9e0e1 ./Core/Src/Activities/Activity_8.o
                                      0x9e28a (size before relaxing)
 .debug_str     0x000000000009e0e1      0x1ad ./Core/Src/Devices/LED.o
                                      0x9e34d (size before relaxing)
 .debug_str     0x000000000009e28e       0xa2 ./Core/Src/Devices/UART.o
                                      0x9e403 (size before relaxing)
 .debug_str     0x000000000009e330       0x59 ./Core/Src/Homework/Systick.o
                                       0x3d1a (size before relaxing)
 .debug_str     0x000000000009e389     0x3afe ./Core/Src/Homework/printf.o
                                      0xa1e0f (size before relaxing)
 .debug_str     0x00000000000a1e87       0x44 ./Core/Src/Project/project.o
                                       0x2dfe (size before relaxing)
 .debug_str     0x00000000000a1ecb       0xb4 ./Core/Src/System/SysClock.o
                                      0x9e375 (size before relaxing)
 .debug_str     0x00000000000a1f7f      0x4e3 ./Core/Src/System/sysmem.o
                                       0x6044 (size before relaxing)
 .debug_str     0x00000000000a2462    0x516c6 ./Core/Src/System/system_stm32l4xx.o
                                      0xeff7c (size before relaxing)
 .debug_str     0x00000000000f3b28       0x2b ./Core/Src/main.o
                                      0xa1cbe (size before relaxing)
 .debug_str     0x00000000000f3b53       0x34 ./Core/Startup/startup_stm32l476rgtx.o
                                         0x4f (size before relaxing)

.debug_frame    0x0000000000000000      0x9e0
 .debug_frame   0x0000000000000000       0x90 ./Core/Src/Activities/Activity_8.o
 .debug_frame   0x0000000000000090       0xb0 ./Core/Src/Devices/LED.o
 .debug_frame   0x0000000000000140      0x110 ./Core/Src/Devices/UART.o
 .debug_frame   0x0000000000000250       0x50 ./Core/Src/Homework/Systick.o
 .debug_frame   0x00000000000002a0       0xb8 ./Core/Src/Homework/printf.o
 .debug_frame   0x0000000000000358       0x34 ./Core/Src/Project/project.o
 .debug_frame   0x000000000000038c       0x38 ./Core/Src/System/SysClock.o
 .debug_frame   0x00000000000003c4       0x34 ./Core/Src/System/sysmem.o
 .debug_frame   0x00000000000003f8       0x58 ./Core/Src/System/system_stm32l4xx.o
 .debug_frame   0x0000000000000450       0x2c ./Core/Src/main.o
 .debug_frame   0x000000000000047c       0x6c /Applications/STM32CubeIDE.app/Contents/Eclipse/plugins/com.st.stm32cube.ide.mcu.externaltools.gnu-tools-for-stm32.11.3.rel1.macos64_1.1.100.202310310803/tools/bin/../lib/gcc/arm-none-eabi/11.3.1/../../../../arm-none-eabi/lib/thumb/v7e-m+fp/hard/libc_nano.a(libc_a-sprintf.o)
 .debug_frame   0x00000000000004e8      0x144 /Applications/STM32CubeIDE.app/Contents/Eclipse/plugins/com.st.stm32cube.ide.mcu.externaltools.gnu-tools-for-stm32.11.3.rel1.macos64_1.1.100.202310310803/tools/bin/../lib/gcc/arm-none-eabi/11.3.1/../../../../arm-none-eabi/lib/thumb/v7e-m+fp/hard/libc_nano.a(libc_a-findfp.o)
 .debug_frame   0x000000000000062c       0x20 /Applications/STM32CubeIDE.app/Contents/Eclipse/plugins/com.st.stm32cube.ide.mcu.externaltools.gnu-tools-for-stm32.11.3.rel1.macos64_1.1.100.202310310803/tools/bin/../lib/gcc/arm-none-eabi/11.3.1/../../../../arm-none-eabi/lib/thumb/v7e-m+fp/hard/libc_nano.a(libc_a-errno.o)
 .debug_frame   0x000000000000064c       0x2c /Applications/STM32CubeIDE.app/Contents/Eclipse/plugins/com.st.stm32cube.ide.mcu.externaltools.gnu-tools-for-stm32.11.3.rel1.macos64_1.1.100.202310310803/tools/bin/../lib/gcc/arm-none-eabi/11.3.1/../../../../arm-none-eabi/lib/thumb/v7e-m+fp/hard/libc_nano.a(libc_a-init.o)
 .debug_frame   0x0000000000000678       0xb0 /Applications/STM32CubeIDE.app/Contents/Eclipse/plugins/com.st.stm32cube.ide.mcu.externaltools.gnu-tools-for-stm32.11.3.rel1.macos64_1.1.100.202310310803/tools/bin/../lib/gcc/arm-none-eabi/11.3.1/../../../../arm-none-eabi/lib/thumb/v7e-m+fp/hard/libc_nano.a(libc_a-lock.o)
 .debug_frame   0x0000000000000728       0x90 /Applications/STM32CubeIDE.app/Contents/Eclipse/plugins/com.st.stm32cube.ide.mcu.externaltools.gnu-tools-for-stm32.11.3.rel1.macos64_1.1.100.202310310803/tools/bin/../lib/gcc/arm-none-eabi/11.3.1/../../../../arm-none-eabi/lib/thumb/v7e-m+fp/hard/libc_nano.a(libc_a-nano-svfprintf.o)
 .debug_frame   0x00000000000007b8       0x50 /Applications/STM32CubeIDE.app/Contents/Eclipse/plugins/com.st.stm32cube.ide.mcu.externaltools.gnu-tools-for-stm32.11.3.rel1.macos64_1.1.100.202310310803/tools/bin/../lib/gcc/arm-none-eabi/11.3.1/../../../../arm-none-eabi/lib/thumb/v7e-m+fp/hard/libc_nano.a(libc_a-mallocr.o)
 .debug_frame   0x0000000000000808       0x60 /Applications/STM32CubeIDE.app/Contents/Eclipse/plugins/com.st.stm32cube.ide.mcu.externaltools.gnu-tools-for-stm32.11.3.rel1.macos64_1.1.100.202310310803/tools/bin/../lib/gcc/arm-none-eabi/11.3.1/../../../../arm-none-eabi/lib/thumb/v7e-m+fp/hard/libc_nano.a(libc_a-nano-vfprintf_i.o)
 .debug_frame   0x0000000000000868       0x30 /Applications/STM32CubeIDE.app/Contents/Eclipse/plugins/com.st.stm32cube.ide.mcu.externaltools.gnu-tools-for-stm32.11.3.rel1.macos64_1.1.100.202310310803/tools/bin/../lib/gcc/arm-none-eabi/11.3.1/../../../../arm-none-eabi/lib/thumb/v7e-m+fp/hard/libc_nano.a(libc_a-mlock.o)
 .debug_frame   0x0000000000000898       0x3c /Applications/STM32CubeIDE.app/Contents/Eclipse/plugins/com.st.stm32cube.ide.mcu.externaltools.gnu-tools-for-stm32.11.3.rel1.macos64_1.1.100.202310310803/tools/bin/../lib/gcc/arm-none-eabi/11.3.1/../../../../arm-none-eabi/lib/thumb/v7e-m+fp/hard/libc_nano.a(libc_a-reallocr.o)
 .debug_frame   0x00000000000008d4       0x28 /Applications/STM32CubeIDE.app/Contents/Eclipse/plugins/com.st.stm32cube.ide.mcu.externaltools.gnu-tools-for-stm32.11.3.rel1.macos64_1.1.100.202310310803/tools/bin/../lib/gcc/arm-none-eabi/11.3.1/../../../../arm-none-eabi/lib/thumb/v7e-m+fp/hard/libc_nano.a(libc_a-memmove.o)
 .debug_frame   0x00000000000008fc       0x38 /Applications/STM32CubeIDE.app/Contents/Eclipse/plugins/com.st.stm32cube.ide.mcu.externaltools.gnu-tools-for-stm32.11.3.rel1.macos64_1.1.100.202310310803/tools/bin/../lib/gcc/arm-none-eabi/11.3.1/../../../../arm-none-eabi/lib/thumb/v7e-m+fp/hard/libc_nano.a(libc_a-reent.o)
 .debug_frame   0x0000000000000934       0x2c /Applications/STM32CubeIDE.app/Contents/Eclipse/plugins/com.st.stm32cube.ide.mcu.externaltools.gnu-tools-for-stm32.11.3.rel1.macos64_1.1.100.202310310803/tools/bin/../lib/gcc/arm-none-eabi/11.3.1/../../../../arm-none-eabi/lib/thumb/v7e-m+fp/hard/libc_nano.a(libc_a-sbrkr.o)
 .debug_frame   0x0000000000000960       0x28 /Applications/STM32CubeIDE.app/Contents/Eclipse/plugins/com.st.stm32cube.ide.mcu.externaltools.gnu-tools-for-stm32.11.3.rel1.macos64_1.1.100.202310310803/tools/bin/../lib/gcc/arm-none-eabi/11.3.1/../../../../arm-none-eabi/lib/thumb/v7e-m+fp/hard/libc_nano.a(libc_a-memcpy-stub.o)
 .debug_frame   0x0000000000000988       0x38 /Applications/STM32CubeIDE.app/Contents/Eclipse/plugins/com.st.stm32cube.ide.mcu.externaltools.gnu-tools-for-stm32.11.3.rel1.macos64_1.1.100.202310310803/tools/bin/../lib/gcc/arm-none-eabi/11.3.1/../../../../arm-none-eabi/lib/thumb/v7e-m+fp/hard/libc_nano.a(libc_a-freer.o)
 .debug_frame   0x00000000000009c0       0x20 /Applications/STM32CubeIDE.app/Contents/Eclipse/plugins/com.st.stm32cube.ide.mcu.externaltools.gnu-tools-for-stm32.11.3.rel1.macos64_1.1.100.202310310803/tools/bin/../lib/gcc/arm-none-eabi/11.3.1/../../../../arm-none-eabi/lib/thumb/v7e-m+fp/hard/libc_nano.a(libc_a-msizer.o)

.debug_line_str
                0x0000000000000000       0x43
 .debug_line_str
                0x0000000000000000       0x43 ./Core/Startup/startup_stm32l476rgtx.o
                                         0x5b (size before relaxing)
